2020-05-27 18:11:40,944 - vcst.rest.vcenter.login_logout - INFO - Perform __init__
2020-05-27 18:11:40,944 - vcst.rest.vcenter.login_logout - INFO - Finished  __init__
2020-05-27 18:11:41,012 - vcst.rest.vcenter.login_logout - INFO - Perform testSetup
2020-05-27 18:11:41,024 - vcst.rest.vcenter.login_logout - INFO - Finished  testSetup
2020-05-27 18:11:41,058 - vcst.rest.vcenter.login_logout - INFO - Perform testTask
2020-05-27 18:11:41,081 - vcst.rest.vcenter.login_logout - INFO - Perform get_vc_session
2020-05-27 18:11:42,432 - vcst.rest.vcenter.login_logout - INFO - Finished  testTask
2020-05-27 18:11:42,437 - vcst.rest.vcenter.login_logout - INFO - Perform testCleanup
2020-05-27 18:15:33,676 - vcst.rest.vcenter.login_logout - INFO - Perform __init__
2020-05-27 18:15:33,678 - vcst.rest.vcenter.login_logout - INFO - Finished  __init__
2020-05-27 18:15:33,742 - vcst.rest.vcenter.login_logout - INFO - Perform testSetup
2020-05-27 18:15:33,753 - vcst.rest.vcenter.login_logout - INFO - Finished  testSetup
2020-05-27 18:15:33,813 - vcst.rest.vcenter.login_logout - INFO - Perform testTask
2020-05-27 18:15:33,846 - vcst.rest.vcenter.login_logout - INFO - Perform get_vc_session
2020-05-27 18:15:35,383 - vcst.rest.vcenter.login_logout - INFO - Perform testCleanup
2020-05-27 18:16:20,709 - vcst.rest.vcenter.login_logout - INFO - Perform __init__
2020-05-27 18:16:20,710 - vcst.rest.vcenter.login_logout - INFO - Finished  __init__
2020-05-27 18:16:20,739 - vcst.rest.vcenter.login_logout - INFO - Perform testSetup
2020-05-27 18:16:20,752 - vcst.rest.vcenter.login_logout - INFO - Finished  testSetup
2020-05-27 18:16:20,817 - vcst.rest.vcenter.login_logout - INFO - Perform testTask
2020-05-27 18:16:20,851 - vcst.rest.vcenter.login_logout - INFO - Perform get_vc_session
2020-05-27 18:16:22,500 - vcst.rest.vcenter.login_logout - INFO - Perform testTask
2020-05-27 18:16:22,609 - vcst.rest.vcenter.login_logout - INFO - Perform get_vc_session
2020-05-27 18:16:23,228 - vcst.rest.vcenter.login_logout - INFO - Perform testCleanup
2020-05-27 18:18:45,574 - vcst.rest.vcenter.login_logout - INFO - Perform __init__
2020-05-27 18:18:45,575 - vcst.rest.vcenter.login_logout - INFO - Finished  __init__
2020-05-27 18:18:45,612 - vcst.rest.vcenter.login_logout - INFO - Perform testSetup
2020-05-27 18:18:45,641 - vcst.rest.vcenter.login_logout - INFO - Finished  testSetup
2020-05-27 18:18:45,675 - vcst.rest.vcenter.login_logout - INFO - Perform testTask
2020-05-27 18:18:45,708 - vcst.rest.vcenter.login_logout - INFO - Perform get_vc_session
2020-05-27 18:18:47,396 - vcst.rest.vcenter.login_logout - INFO - Perform testTask
2020-05-27 18:18:47,398 - vcst.rest.vcenter.login_logout - INFO - Perform get_vc_session
2020-05-27 18:18:48,222 - vcst.rest.vcenter.login_logout - INFO - Perform testCleanup
